#2026 09 14 10:34:16.444#Z#DEBUG#b19c2800-b027-11f1-a9e7-eeee0a832ec0.capm-service-srv#flowable-async-job-executor-thread-2054#
[PollStageAppStatusExecution] 0633157c-47cd-4e1d-a58c-3252fa278ffe [2026-09-14T10:23:49.359060] Cell 77283d80-dfa7-40ba-ba4e-265aef112085 destroying container for instance ec961971-61de-404e-5381-c77f (STDOUT, CELL)#
#2026 09 14 10:34:16.444#Z#DEBUG#b19c2800-b027-11f1-a9e7-eeee0a832ec0.capm-service-srv#flowable-async-job-executor-thread-2054#
[PollStageAppStatusExecution] 0633157c-47cd-4e1d-a58c-3252fa278ffe [2026-09-14T10:23:50.143247] Exit status 137 (STDOUT, PROXY)#
#2026 09 14 10:34:16.444#Z#DEBUG#b19c2800-b027-11f1-a9e7-eeee0a832ec0.capm-service-srv#flowable-async-job-executor-thread-2054#
[PollStageAppStatusExecution] 0633157c-47cd-4e1d-a58c-3252fa278ffe [2026-09-14T10:23:52.537562] Cell 77283d80-dfa7-40ba-ba4e-265aef112085 successfully destroyed container for instance ec961971-61de-404e-5381-c77f (STDOUT, CELL)#
#2026 09 14 10:34:16.444#Z#DEBUG#b19c2800-b027-11f1-a9e7-eeee0a832ec0.capm-service-srv#flowable-async-job-executor-thread-2054#
[PollStageAppStatusExecution] 0633157c-47cd-4e1d-a58c-3252fa278ffe [2026-09-14T10:33:20.152026] Updated app with guid 0633157c-47cd-4e1d-a58c-3252fa278ffe ({"lifecycle"=>{"data"=>{"buildpacks"=>["nodejs_buildpack"]}, "type"=>"buildpack"}}) (STDOUT, API)#
#2026 09 14 10:34:16.444#Z#DEBUG#b19c2800-b027-11f1-a9e7-eeee0a832ec0.capm-service-srv#flowable-async-job-executor-thread-2054#
[PollStageAppStatusExecution] 0633157c-47cd-4e1d-a58c-3252fa278ffe [2026-09-14T10:33:20.241273] Updating process: "web" (STDOUT, API)#
#2026 09 14 10:34:16.444#Z#DEBUG#b19c2800-b027-11f1-a9e7-eeee0a832ec0.capm-service-srv#flowable-async-job-executor-thread-2054#
[PollStageAppStatusExecution] 0633157c-47cd-4e1d-a58c-3252fa278ffe [2026-09-14T10:33:56.639159] Uploading app package for app with guid 0633157c-47cd-4e1d-a58c-3252fa278ffe (STDOUT, API)#
#2026 09 14 10:34:16.444#Z#DEBUG#b19c2800-b027-11f1-a9e7-eeee0a832ec0.capm-service-srv#flowable-async-job-executor-thread-2054#
[PollStageAppStatusExecution] 0633157c-47cd-4e1d-a58c-3252fa278ffe [2026-09-14T10:33:56.814509] Updated app with guid 0633157c-47cd-4e1d-a58c-3252fa278ffe ({"environment_variables"=>"[PRIVATE DATA HIDDEN]"}) (STDOUT, API)#
#2026 09 14 10:34:16.444#Z#DEBUG#b19c2800-b027-11f1-a9e7-eeee0a832ec0.capm-service-srv#flowable-async-job-executor-thread-2054#
[PollStageAppStatusExecution] 0633157c-47cd-4e1d-a58c-3252fa278ffe [2026-09-14T10:34:06.752307] Stopping app with guid 0633157c-47cd-4e1d-a58c-3252fa278ffe (STDOUT, API)#
#2026 09 14 10:34:16.444#Z#DEBUG#b19c2800-b027-11f1-a9e7-eeee0a832ec0.capm-service-srv#flowable-async-job-executor-thread-2054#
[PollStageAppStatusExecution] 0633157c-47cd-4e1d-a58c-3252fa278ffe [2026-09-14T10:34:06.785798] Cell 77283d80-dfa7-40ba-ba4e-265aef112085 stopping instance 46a5e1a0-2d21-4899-66e9-e7dd (STDOUT, CELL)#
#2026 09 14 10:34:16.444#Z#DEBUG#b19c2800-b027-11f1-a9e7-eeee0a832ec0.capm-service-srv#flowable-async-job-executor-thread-2054#
[PollStageAppStatusExecution] 0633157c-47cd-4e1d-a58c-3252fa278ffe [2026-09-14T10:34:06.979710] Creating build for app with guid 0633157c-47cd-4e1d-a58c-3252fa278ffe (STDOUT, API)#
#2026 09 14 10:34:16.444#Z#DEBUG#b19c2800-b027-11f1-a9e7-eeee0a832ec0.capm-service-srv#flowable-async-job-executor-thread-2054#
[PollStageAppStatusExecution] 0633157c-47cd-4e1d-a58c-3252fa278ffe [2026-09-14T10:34:07.408491] Downloading nodejs_buildpack... (STDOUT, STG)#
#2026 09 14 10:34:16.444#Z#DEBUG#b19c2800-b027-11f1-a9e7-eeee0a832ec0.capm-service-srv#flowable-async-job-executor-thread-2054#
[PollStageAppStatusExecution] 0633157c-47cd-4e1d-a58c-3252fa278ffe [2026-09-14T10:34:07.454942] Downloaded nodejs_buildpack (STDOUT, STG)#
#2026 09 14 10:34:16.444#Z#DEBUG#b19c2800-b027-11f1-a9e7-eeee0a832ec0.capm-service-srv#flowable-async-job-executor-thread-2054#
[PollStageAppStatusExecution] 0633157c-47cd-4e1d-a58c-3252fa278ffe [2026-09-14T10:34:07.455067] Cell c839c7b1-088e-41af-b9b7-66256aacd457 creating container for instance e48a178a-4b9f-4dc7-bf6b-ee635c85c6e4 (STDOUT, STG)#
#2026 09 14 10:34:16.444#Z#DEBUG#b19c2800-b027-11f1-a9e7-eeee0a832ec0.capm-service-srv#flowable-async-job-executor-thread-2054#
[PollStageAppStatusExecution] 0633157c-47cd-4e1d-a58c-3252fa278ffe [2026-09-14T10:34:08.073094] Security group rules were updated (STDOUT, STG)#
#2026 09 14 10:34:16.444#Z#DEBUG#b19c2800-b027-11f1-a9e7-eeee0a832ec0.capm-service-srv#flowable-async-job-executor-thread-2054#
[PollStageAppStatusExecution] 0633157c-47cd-4e1d-a58c-3252fa278ffe [2026-09-14T10:34:08.159908] Cell c839c7b1-088e-41af-b9b7-66256aacd457 successfully created container for instance e48a178a-4b9f-4dc7-bf6b-ee635c85c6e4 (STDOUT, STG)#
#2026 09 14 10:34:16.444#Z#DEBUG#b19c2800-b027-11f1-a9e7-eeee0a832ec0.capm-service-srv#flowable-async-job-executor-thread-2054#
[PollStageAppStatusExecution] 0633157c-47cd-4e1d-a58c-3252fa278ffe [2026-09-14T10:34:08.699074] Downloading app package... (STDOUT, STG)#
#2026 09 14 10:34:16.444#Z#DEBUG#b19c2800-b027-11f1-a9e7-eeee0a832ec0.capm-service-srv#flowable-async-job-executor-thread-2054#
[PollStageAppStatusExecution] 0633157c-47cd-4e1d-a58c-3252fa278ffe [2026-09-14T10:34:08.699085] Downloading build artifacts cache... (STDOUT, STG)#
#2026 09 14 10:34:16.444#Z#DEBUG#b19c2800-b027-11f1-a9e7-eeee0a832ec0.capm-service-srv#flowable-async-job-executor-thread-2054#
[PollStageAppStatusExecution] 0633157c-47cd-4e1d-a58c-3252fa278ffe [2026-09-14T10:34:08.778036] Downloaded build artifacts cache (225B) (STDOUT, STG)#
#2026 09 14 10:34:16.444#Z#DEBUG#b19c2800-b027-11f1-a9e7-eeee0a832ec0.capm-service-srv#flowable-async-job-executor-thread-2054#
[PollStageAppStatusExecution] 0633157c-47cd-4e1d-a58c-3252fa278ffe [2026-09-14T10:34:09.118144] Downloaded app package (3.4M) (STDOUT, STG)#
#2026 09 14 10:34:16.444#Z#DEBUG#b19c2800-b027-11f1-a9e7-eeee0a832ec0.capm-service-srv#flowable-async-job-executor-thread-2054#
[PollStageAppStatusExecution] 0633157c-47cd-4e1d-a58c-3252fa278ffe [2026-09-14T10:34:09.228431] -----> Nodejs Buildpack version 1.9.3 (STDOUT, STG)#
#2026 09 14 10:34:16.444#Z#DEBUG#b19c2800-b027-11f1-a9e7-eeee0a832ec0.capm-service-srv#flowable-async-job-executor-thread-2054#
[PollStageAppStatusExecution] 0633157c-47cd-4e1d-a58c-3252fa278ffe [2026-09-14T10:34:09.405468] -----> Bootstrapping python (STDOUT, STG)#
#2026 09 14 10:34:16.444#Z#DEBUG#b19c2800-b027-11f1-a9e7-eeee0a832ec0.capm-service-srv#flowable-async-job-executor-thread-2054#
[PollStageAppStatusExecution] 0633157c-47cd-4e1d-a58c-3252fa278ffe [2026-09-14T10:34:09.405498] -----> Installing python 3.13.14 (STDOUT, STG)#
#2026 09 14 10:34:16.444#Z#DEBUG#b19c2800-b027-11f1-a9e7-eeee0a832ec0.capm-service-srv#flowable-async-job-executor-thread-2054#
[PollStageAppStatusExecution] 0633157c-47cd-4e1d-a58c-3252fa278ffe [2026-09-14T10:34:09.405616] Copy [/tmp/buildpacks/336fb825d4d72bff/dependencies/4b4266a2ff36730aef37b88b668ca327/python_3.13.14_linux_x64_cflinuxfs4_b80d4954.tgz] (STDOUT, STG)#
#2026 09 14 10:34:16.444#Z#DEBUG#b19c2800-b027-11f1-a9e7-eeee0a832ec0.capm-service-srv#flowable-async-job-executor-thread-2054#
[PollStageAppStatusExecution] 0633157c-47cd-4e1d-a58c-3252fa278ffe [2026-09-14T10:34:13.627047] -----> Installing binaries (STDOUT, STG)#
#2026 09 14 10:34:16.444#Z#DEBUG#b19c2800-b027-11f1-a9e7-eeee0a832ec0.capm-service-srv#flowable-async-job-executor-thread-2054#
[PollStageAppStatusExecution] 0633157c-47cd-4e1d-a58c-3252fa278ffe [2026-09-14T10:34:13.627096] engines.node (package.json): >=20 (STDOUT, STG)#
#2026 09 14 10:34:16.444#Z#DEBUG#b19c2800-b027-11f1-a9e7-eeee0a832ec0.capm-service-srv#flowable-async-job-executor-thread-2054#
[PollStageAppStatusExecution] 0633157c-47cd-4e1d-a58c-3252fa278ffe [2026-09-14T10:34:13.627101] engines.npm (package.json): unspecified (use default) (STDOUT, STG)#
#2026 09 14 10:34:16.444#Z#DEBUG#b19c2800-b027-11f1-a9e7-eeee0a832ec0.capm-service-srv#flowable-async-job-executor-thread-2054#
[PollStageAppStatusExecution] 0633157c-47cd-4e1d-a58c-3252fa278ffe [2026-09-14T10:34:13.627169] [31;1m**WARNING**[0m Dangerous semver range (>) in engines.node. See: http://docs.cloudfoundry.org/buildpacks/node/node-tips.html (STDOUT, STG)#
#2026 09 14 10:34:16.444#Z#DEBUG#b19c2800-b027-11f1-a9e7-eeee0a832ec0.capm-service-srv#flowable-async-job-executor-thread-2054#
[PollStageAppStatusExecution] 0633157c-47cd-4e1d-a58c-3252fa278ffe [2026-09-14T10:34:13.627233] -----> Installing node 24.18.0 (STDOUT, STG)#
#2026 09 14 10:34:16.444#Z#DEBUG#b19c2800-b027-11f1-a9e7-eeee0a832ec0.capm-service-srv#flowable-async-job-executor-thread-2054#
[PollStageAppStatusExecution] 0633157c-47cd-4e1d-a58c-3252fa278ffe [2026-09-14T10:34:13.627504] Copy [/tmp/buildpacks/336fb825d4d72bff/dependencies/dffbbb835fcd073c4544f78eb6247fac/node_24.18.0_linux_x64_cflinuxfs4_cdfed650.tgz] (STDOUT, STG)#
#2026 09 14 10:34:26.508#Z#DEBUG#b19c2800-b027-11f1-a9e7-eeee0a832ec0.capm-service-srv#flowable-async-job-executor-thread-2063#
[PollStageAppStatusExecution] 0633157c-47cd-4e1d-a58c-3252fa278ffe [2026-09-14T10:34:16.152929] Using default npm version: 11.16.0 (STDOUT, STG)#
#2026 09 14 10:34:26.508#Z#DEBUG#b19c2800-b027-11f1-a9e7-eeee0a832ec0.capm-service-srv#flowable-async-job-executor-thread-2063#
[PollStageAppStatusExecution] 0633157c-47cd-4e1d-a58c-3252fa278ffe [2026-09-14T10:34:16.153004] -----> Installing yarn 1.22.22 (STDOUT, STG)#
#2026 09 14 10:34:26.508#Z#DEBUG#b19c2800-b027-11f1-a9e7-eeee0a832ec0.capm-service-srv#flowable-async-job-executor-thread-2063#
[PollStageAppStatusExecution] 0633157c-47cd-4e1d-a58c-3252fa278ffe [2026-09-14T10:34:16.153193] Copy [/tmp/buildpacks/336fb825d4d72bff/dependencies/e4fe26756e9984a665478d350474fa2e/yarn_1.22.22_linux_noarch_any-stack_b6132b86.tgz] (STDOUT, STG)#
#2026 09 14 10:34:26.508#Z#DEBUG#b19c2800-b027-11f1-a9e7-eeee0a832ec0.capm-service-srv#flowable-async-job-executor-thread-2063#
[PollStageAppStatusExecution] 0633157c-47cd-4e1d-a58c-3252fa278ffe [2026-09-14T10:34:16.549332] Installed yarn 1.22.22 (STDOUT, STG)#
#2026 09 14 10:34:26.508#Z#DEBUG#b19c2800-b027-11f1-a9e7-eeee0a832ec0.capm-service-srv#flowable-async-job-executor-thread-2063#
[PollStageAppStatusExecution] 0633157c-47cd-4e1d-a58c-3252fa278ffe [2026-09-14T10:34:16.549406] -----> Creating runtime environment (STDOUT, STG)#
#2026 09 14 10:34:26.508#Z#DEBUG#b19c2800-b027-11f1-a9e7-eeee0a832ec0.capm-service-srv#flowable-async-job-executor-thread-2063#
[PollStageAppStatusExecution] 0633157c-47cd-4e1d-a58c-3252fa278ffe [2026-09-14T10:34:16.551311] NODE_ENV=production (STDOUT, STG)#
#2026 09 14 10:34:26.508#Z#DEBUG#b19c2800-b027-11f1-a9e7-eeee0a832ec0.capm-service-srv#flowable-async-job-executor-thread-2063#
[PollStageAppStatusExecution] 0633157c-47cd-4e1d-a58c-3252fa278ffe [2026-09-14T10:34:16.551334] NODE_HOME=/tmp/contents481738229/deps/0/node (STDOUT, STG)#
#2026 09 14 10:34:26.508#Z#DEBUG#b19c2800-b027-11f1-a9e7-eeee0a832ec0.capm-service-srv#flowable-async-job-executor-thread-2063#
[PollStageAppStatusExecution] 0633157c-47cd-4e1d-a58c-3252fa278ffe [2026-09-14T10:34:16.551337] NODE_MODULES_CACHE=true (STDOUT, STG)#
#2026 09 14 10:34:26.508#Z#DEBUG#b19c2800-b027-11f1-a9e7-eeee0a832ec0.capm-service-srv#flowable-async-job-executor-thread-2063#
[PollStageAppStatusExecution] 0633157c-47cd-4e1d-a58c-3252fa278ffe [2026-09-14T10:34:16.551343] NODE_VERBOSE=false (STDOUT, STG)#
#2026 09 14 10:34:26.508#Z#DEBUG#b19c2800-b027-11f1-a9e7-eeee0a832ec0.capm-service-srv#flowable-async-job-executor-thread-2063#
[PollStageAppStatusExecution] 0633157c-47cd-4e1d-a58c-3252fa278ffe [2026-09-14T10:34:16.551345] NPM_CONFIG_LOGLEVEL=error (STDOUT, STG)#
#2026 09 14 10:34:26.508#Z#DEBUG#b19c2800-b027-11f1-a9e7-eeee0a832ec0.capm-service-srv#flowable-async-job-executor-thread-2063#
[PollStageAppStatusExecution] 0633157c-47cd-4e1d-a58c-3252fa278ffe [2026-09-14T10:34:16.551349] NPM_CONFIG_PRODUCTION=true (STDOUT, STG)#
#2026 09 14 10:34:26.508#Z#DEBUG#b19c2800-b027-11f1-a9e7-eeee0a832ec0.capm-service-srv#flowable-async-job-executor-thread-2063#
[PollStageAppStatusExecution] 0633157c-47cd-4e1d-a58c-3252fa278ffe [2026-09-14T10:34:16.551404] -----> Building dependencies (STDOUT, STG)#
#2026 09 14 10:34:26.508#Z#DEBUG#b19c2800-b027-11f1-a9e7-eeee0a832ec0.capm-service-srv#flowable-async-job-executor-thread-2063#
[PollStageAppStatusExecution] 0633157c-47cd-4e1d-a58c-3252fa278ffe [2026-09-14T10:34:16.551408] Prebuild detected (node_modules already exists) (STDOUT, STG)#
#2026 09 14 10:34:26.508#Z#DEBUG#b19c2800-b027-11f1-a9e7-eeee0a832ec0.capm-service-srv#flowable-async-job-executor-thread-2063#
[PollStageAppStatusExecution] 0633157c-47cd-4e1d-a58c-3252fa278ffe [2026-09-14T10:34:16.551497] Rebuilding any native modules (STDOUT, STG)#
#2026 09 14 10:34:26.508#Z#DEBUG#b19c2800-b027-11f1-a9e7-eeee0a832ec0.capm-service-srv#flowable-async-job-executor-thread-2063#
[PollStageAppStatusExecution] 0633157c-47cd-4e1d-a58c-3252fa278ffe [2026-09-14T10:34:17.302897] rebuilt dependencies successfully (STDOUT, STG)#
#2026 09 14 10:34:26.508#Z#DEBUG#b19c2800-b027-11f1-a9e7-eeee0a832ec0.capm-service-srv#flowable-async-job-executor-thread-2063#
[PollStageAppStatusExecution] 0633157c-47cd-4e1d-a58c-3252fa278ffe [2026-09-14T10:34:17.305294] npm notice (STDOUT, STG)#
#2026 09 14 10:34:26.508#Z#DEBUG#b19c2800-b027-11f1-a9e7-eeee0a832ec0.capm-service-srv#flowable-async-job-executor-thread-2063#
[PollStageAppStatusExecution] 0633157c-47cd-4e1d-a58c-3252fa278ffe [2026-09-14T10:34:17.305324] npm notice New major version of npm available! 11.16.0 -> 12.0.2 (STDOUT, STG)#
#2026 09 14 10:34:26.508#Z#DEBUG#b19c2800-b027-11f1-a9e7-eeee0a832ec0.capm-service-srv#flowable-async-job-executor-thread-2063#
[PollStageAppStatusExecution] 0633157c-47cd-4e1d-a58c-3252fa278ffe [2026-09-14T10:34:17.305328] npm notice Changelog: https://github.com/npm/cli/releases/tag/v12.0.2 (STDOUT, STG)#
#2026 09 14 10:34:26.508#Z#DEBUG#b19c2800-b027-11f1-a9e7-eeee0a832ec0.capm-service-srv#flowable-async-job-executor-thread-2063#
[PollStageAppStatusExecution] 0633157c-47cd-4e1d-a58c-3252fa278ffe [2026-09-14T10:34:17.305331] npm notice To update run: npm install -g npm@12.0.2 (STDOUT, STG)#
#2026 09 14 10:34:26.508#Z#DEBUG#b19c2800-b027-11f1-a9e7-eeee0a832ec0.capm-service-srv#flowable-async-job-executor-thread-2063#
[PollStageAppStatusExecution] 0633157c-47cd-4e1d-a58c-3252fa278ffe [2026-09-14T10:34:17.305336] npm notice (STDOUT, STG)#
#2026 09 14 10:34:26.508#Z#DEBUG#b19c2800-b027-11f1-a9e7-eeee0a832ec0.capm-service-srv#flowable-async-job-executor-thread-2063#
[PollStageAppStatusExecution] 0633157c-47cd-4e1d-a58c-3252fa278ffe [2026-09-14T10:34:17.372398] Installing any new modules (package.json + package-lock.json) (STDOUT, STG)#
#2026 09 14 10:34:26.508#Z#DEBUG#b19c2800-b027-11f1-a9e7-eeee0a832ec0.capm-service-srv#flowable-async-job-executor-thread-2063#
[PollStageAppStatusExecution] 0633157c-47cd-4e1d-a58c-3252fa278ffe [2026-09-14T10:34:18.036892] up to date in 578ms (STDOUT, STG)#
#2026 09 14 10:34:26.508#Z#DEBUG#b19c2800-b027-11f1-a9e7-eeee0a832ec0.capm-service-srv#flowable-async-job-executor-thread-2063#
[PollStageAppStatusExecution] 0633157c-47cd-4e1d-a58c-3252fa278ffe [2026-09-14T10:34:18.037100] 30 packages are looking for funding (STDOUT, STG)#
#2026 09 14 10:34:26.508#Z#DEBUG#b19c2800-b027-11f1-a9e7-eeee0a832ec0.capm-service-srv#flowable-async-job-executor-thread-2063#
[PollStageAppStatusExecution] 0633157c-47cd-4e1d-a58c-3252fa278ffe [2026-09-14T10:34:18.037235] run `npm fund` for details (STDOUT, STG)#
#2026 09 14 10:34:26.508#Z#DEBUG#b19c2800-b027-11f1-a9e7-eeee0a832ec0.capm-service-srv#flowable-async-job-executor-thread-2063#
[PollStageAppStatusExecution] 0633157c-47cd-4e1d-a58c-3252fa278ffe [2026-09-14T10:34:18.936287] Contrast Security no credentials found. Will not write environment files. (STDOUT, STG)#
#2026 09 14 10:34:36.539#Z#DEBUG#b19c2800-b027-11f1-a9e7-eeee0a832ec0.capm-service-srv#flowable-async-job-executor-thread-2069#
[PollStageAppStatusExecution] 0633157c-47cd-4e1d-a58c-3252fa278ffe [2026-09-14T10:34:27.766053] Exit status 0 (STDOUT, STG)#
#2026 09 14 10:34:36.539#Z#DEBUG#b19c2800-b027-11f1-a9e7-eeee0a832ec0.capm-service-srv#flowable-async-job-executor-thread-2069#
[PollStageAppStatusExecution] 0633157c-47cd-4e1d-a58c-3252fa278ffe [2026-09-14T10:34:27.766102] Uploading droplet, build artifacts cache... (STDOUT, STG)#
#2026 09 14 10:34:36.539#Z#DEBUG#b19c2800-b027-11f1-a9e7-eeee0a832ec0.capm-service-srv#flowable-async-job-executor-thread-2069#
[PollStageAppStatusExecution] 0633157c-47cd-4e1d-a58c-3252fa278ffe [2026-09-14T10:34:27.766153] Uploading build artifacts cache... (STDOUT, STG)#
#2026 09 14 10:34:36.539#Z#DEBUG#b19c2800-b027-11f1-a9e7-eeee0a832ec0.capm-service-srv#flowable-async-job-executor-thread-2069#
[PollStageAppStatusExecution] 0633157c-47cd-4e1d-a58c-3252fa278ffe [2026-09-14T10:34:27.766192] Uploading droplet... (STDOUT, STG)#
#2026 09 14 10:34:36.539#Z#DEBUG#b19c2800-b027-11f1-a9e7-eeee0a832ec0.capm-service-srv#flowable-async-job-executor-thread-2069#
[PollStageAppStatusExecution] 0633157c-47cd-4e1d-a58c-3252fa278ffe [2026-09-14T10:34:27.786789] Uploaded build artifacts cache (225B) (STDOUT, STG)#
#2026 09 14 10:34:36.539#Z#DEBUG#b19c2800-b027-11f1-a9e7-eeee0a832ec0.capm-service-srv#flowable-async-job-executor-thread-2069#
[PollStageAppStatusExecution] 0633157c-47cd-4e1d-a58c-3252fa278ffe [2026-09-14T10:34:28.388895] Creating droplet for app with guid 0633157c-47cd-4e1d-a58c-3252fa278ffe (STDOUT, API)#
#2026 09 14 10:34:36.539#Z#DEBUG#b19c2800-b027-11f1-a9e7-eeee0a832ec0.capm-service-srv#flowable-async-job-executor-thread-2069#
[PollStageAppStatusExecution] 0633157c-47cd-4e1d-a58c-3252fa278ffe [2026-09-14T10:34:30.454451] Uploaded droplet (60M) (STDOUT, STG)#
#2026 09 14 10:34:36.539#Z#DEBUG#b19c2800-b027-11f1-a9e7-eeee0a832ec0.capm-service-srv#flowable-async-job-executor-thread-2069#
[PollStageAppStatusExecution] 0633157c-47cd-4e1d-a58c-3252fa278ffe [2026-09-14T10:34:30.476750] Uploading complete (STDOUT, STG)#
#2026 09 14 10:34:36.539#Z#DEBUG#b19c2800-b027-11f1-a9e7-eeee0a832ec0.capm-service-srv#flowable-async-job-executor-thread-2069#
[PollStageAppStatusExecution] 0633157c-47cd-4e1d-a58c-3252fa278ffe [2026-09-14T10:34:31.652973] Cell c839c7b1-088e-41af-b9b7-66256aacd457 stopping instance e48a178a-4b9f-4dc7-bf6b-ee635c85c6e4 (STDOUT, STG)#
#2026 09 14 10:34:36.539#Z#DEBUG#b19c2800-b027-11f1-a9e7-eeee0a832ec0.capm-service-srv#flowable-async-job-executor-thread-2069#
[PollStageAppStatusExecution] 0633157c-47cd-4e1d-a58c-3252fa278ffe [2026-09-14T10:34:31.653058] Cell c839c7b1-088e-41af-b9b7-66256aacd457 destroying container for instance e48a178a-4b9f-4dc7-bf6b-ee635c85c6e4 (STDOUT, STG)#
#2026 09 14 10:34:36.539#Z#DEBUG#b19c2800-b027-11f1-a9e7-eeee0a832ec0.capm-service-srv#flowable-async-job-executor-thread-2069#
[PollStageAppStatusExecution] 0633157c-47cd-4e1d-a58c-3252fa278ffe [2026-09-14T10:34:31.702779] Staging complete for build e48a178a-4b9f-4dc7-bf6b-ee635c85c6e4 (STDOUT, API)#
#2026 09 14 10:34:36.539#Z#DEBUG#b19c2800-b027-11f1-a9e7-eeee0a832ec0.capm-service-srv#flowable-async-job-executor-thread-2069#
[PollStageAppStatusExecution] 0633157c-47cd-4e1d-a58c-3252fa278ffe [2026-09-14T10:34:35.045276] Cell c839c7b1-088e-41af-b9b7-66256aacd457 successfully destroyed container for instance e48a178a-4b9f-4dc7-bf6b-ee635c85c6e4 (STDOUT, STG)#
#2026 09 14 10:34:46.643#Z#DEBUG#b19c2800-b027-11f1-a9e7-eeee0a832ec0.capm-service-srv#flowable-async-job-executor-thread-1337#
[PollStartAppStatusExecution] 0633157c-47cd-4e1d-a58c-3252fa278ffe [2026-09-14T10:34:36.610943] Updated app with guid 0633157c-47cd-4e1d-a58c-3252fa278ffe ({:droplet_guid=>"813476ed-dd8e-486e-ab7f-e149e5a255f6"}) (STDOUT, API)#
#2026 09 14 10:34:46.643#Z#DEBUG#b19c2800-b027-11f1-a9e7-eeee0a832ec0.capm-service-srv#flowable-async-job-executor-thread-1337#
[PollStartAppStatusExecution] 0633157c-47cd-4e1d-a58c-3252fa278ffe [2026-09-14T10:34:36.796724] Creating revision for app with guid 0633157c-47cd-4e1d-a58c-3252fa278ffe (STDOUT, API)#
#2026 09 14 10:34:46.643#Z#DEBUG#b19c2800-b027-11f1-a9e7-eeee0a832ec0.capm-service-srv#flowable-async-job-executor-thread-1337#
[PollStartAppStatusExecution] 0633157c-47cd-4e1d-a58c-3252fa278ffe [2026-09-14T10:34:36.836238] Starting app with guid 0633157c-47cd-4e1d-a58c-3252fa278ffe (STDOUT, API)#
#2026 09 14 10:34:46.643#Z#DEBUG#b19c2800-b027-11f1-a9e7-eeee0a832ec0.capm-service-srv#flowable-async-job-executor-thread-1337#
[PollStartAppStatusExecution] 0633157c-47cd-4e1d-a58c-3252fa278ffe [2026-09-14T10:34:37.100884] Cell d1cc041a-d5a1-41d6-b9f6-6cda736ce3f0 creating container for instance c7305764-ac02-43a0-4341-b63e (STDOUT, CELL)#
#2026 09 14 10:34:46.643#Z#DEBUG#b19c2800-b027-11f1-a9e7-eeee0a832ec0.capm-service-srv#flowable-async-job-executor-thread-1337#
[PollStartAppStatusExecution] 0633157c-47cd-4e1d-a58c-3252fa278ffe [2026-09-14T10:34:37.782951] Security group rules were updated (STDOUT, CELL)#
#2026 09 14 10:34:46.643#Z#DEBUG#b19c2800-b027-11f1-a9e7-eeee0a832ec0.capm-service-srv#flowable-async-job-executor-thread-1337#
[PollStartAppStatusExecution] 0633157c-47cd-4e1d-a58c-3252fa278ffe [2026-09-14T10:34:37.867052] Cell d1cc041a-d5a1-41d6-b9f6-6cda736ce3f0 successfully created container for instance c7305764-ac02-43a0-4341-b63e (STDOUT, CELL)#
#2026 09 14 10:34:46.643#Z#DEBUG#b19c2800-b027-11f1-a9e7-eeee0a832ec0.capm-service-srv#flowable-async-job-executor-thread-1337#
[PollStartAppStatusExecution] 0633157c-47cd-4e1d-a58c-3252fa278ffe [2026-09-14T10:34:38.752652] Downloading droplet... (STDOUT, CELL)#
#2026 09 14 10:34:46.643#Z#DEBUG#b19c2800-b027-11f1-a9e7-eeee0a832ec0.capm-service-srv#flowable-async-job-executor-thread-1337#
[PollStartAppStatusExecution] 0633157c-47cd-4e1d-a58c-3252fa278ffe [2026-09-14T10:34:42.047706] Downloaded droplet (60M) (STDOUT, CELL)#
#2026 09 14 10:34:46.643#Z#DEBUG#b19c2800-b027-11f1-a9e7-eeee0a832ec0.capm-service-srv#flowable-async-job-executor-thread-1337#
[PollStartAppStatusExecution] 0633157c-47cd-4e1d-a58c-3252fa278ffe [2026-09-14T10:34:42.047881] Starting health monitoring of container (STDOUT, CELL)#
#2026 09 14 10:34:46.643#Z#DEBUG#b19c2800-b027-11f1-a9e7-eeee0a832ec0.capm-service-srv#flowable-async-job-executor-thread-1337#
[PollStartAppStatusExecution] 0633157c-47cd-4e1d-a58c-3252fa278ffe [2026-09-14T10:34:42.174472] Invoking pre-start scripts. (STDOUT, APP/PROC/WEB)#
#2026 09 14 10:34:46.643#Z#DEBUG#b19c2800-b027-11f1-a9e7-eeee0a832ec0.capm-service-srv#flowable-async-job-executor-thread-1337#
[PollStartAppStatusExecution] 0633157c-47cd-4e1d-a58c-3252fa278ffe [2026-09-14T10:34:42.419640] Invoking start command. (STDOUT, APP/PROC/WEB)#
#2026 09 14 10:34:46.643#Z#DEBUG#b19c2800-b027-11f1-a9e7-eeee0a832ec0.capm-service-srv#flowable-async-job-executor-thread-1337#
[PollStartAppStatusExecution] 0633157c-47cd-4e1d-a58c-3252fa278ffe [2026-09-14T10:34:42.902057] > capm-service@1.0.0 start (STDOUT, APP/PROC/WEB)#
#2026 09 14 10:34:46.643#Z#DEBUG#b19c2800-b027-11f1-a9e7-eeee0a832ec0.capm-service-srv#flowable-async-job-executor-thread-1337#
[PollStartAppStatusExecution] 0633157c-47cd-4e1d-a58c-3252fa278ffe [2026-09-14T10:34:42.902095] > cds-serve (STDOUT, APP/PROC/WEB)#
#2026 09 14 10:34:46.643#Z#DEBUG#b19c2800-b027-11f1-a9e7-eeee0a832ec0.capm-service-srv#flowable-async-job-executor-thread-1337#
[PollStartAppStatusExecution] 0633157c-47cd-4e1d-a58c-3252fa278ffe [2026-09-14T10:34:43.260207] {"level":"info","logger":"cds","timestamp":"2026-09-14T10:34:43.258Z","layer":"cds","component_type":"application","container_id":"10.32.1.5","component_id":"0633157c-47cd-4e1d-a58c-3252fa278ffe","component_name":"capm-service-srv","component_instance":0,"source_instance":0,"organization_name":"ab417575trial","organization_id":"06d1c646-2b36-4a95-9166-dd9f50eeb7f9","space_name":"dev","space_id":"583b4ec9-26f7-49b3-a891-378694e7062d","msg":"loaded model from 1 file(s):\n ","type":"log"} (STDOUT, APP/PROC/WEB)#
#2026 09 14 10:34:46.643#Z#DEBUG#b19c2800-b027-11f1-a9e7-eeee0a832ec0.capm-service-srv#flowable-async-job-executor-thread-1337#
[PollStartAppStatusExecution] 0633157c-47cd-4e1d-a58c-3252fa278ffe [2026-09-14T10:34:43.260804] srv/csn.json (STDOUT, APP/PROC/WEB)#
#2026 09 14 10:34:46.643#Z#DEBUG#b19c2800-b027-11f1-a9e7-eeee0a832ec0.capm-service-srv#flowable-async-job-executor-thread-1337#
[PollStartAppStatusExecution] 0633157c-47cd-4e1d-a58c-3252fa278ffe [2026-09-14T10:34:43.515494] {"level":"info","logger":"cds","timestamp":"2026-09-14T10:34:43.514Z","layer":"cds","component_type":"application","container_id":"10.32.1.5","component_id":"0633157c-47cd-4e1d-a58c-3252fa278ffe","component_name":"capm-service-srv","component_instance":0,"source_instance":0,"organization_name":"ab417575trial","organization_id":"06d1c646-2b36-4a95-9166-dd9f50eeb7f9","space_name":"dev","space_id":"583b4ec9-26f7-49b3-a891-378694e7062d","msg":"connect to db > hana {\n  database_id: '221ad0bc-2da6-46e8-8162-1eebb6fdd039',\n  host: '221ad0bc-2da6-46e8-8162-1eebb6fdd039.hna0.prod-us10.hanacloud.ondemand.com',\n  port: '443',\n  driver: 'com.sap.db.jdbc.Driver',\n  url: 'jdbc:sap://221ad0bc-2da6-46e8-8162-1eebb6fdd039.hna0.prod-us10.hanacloud.ondemand.com:443?encrypt=true&validateCertificate=true&currentschema=6A5478B8D26E43D8A56BA48D201A9E69',\n  schema: '6A5478B8D26E43D8A56BA48D201A9E69',\n  certificate: '...',\n  hdi_user: '6A5478B8D26E43D8A56BA48D201A9E69_00VH3VM73VDDYLPBNTJ5T1DBZ_DT',\n  hdi_password: '...',\n  user: '6A5478B8D26E43D8A56BA48D201A9E69_00VH3VM73VDDYLPBNTJ5T1DBZ_RT',\n  password: '...'\n}","type":"log"} (STDOUT, APP/PROC/WEB)#
#2026 09 14 10:34:46.643#Z#DEBUG#b19c2800-b027-11f1-a9e7-eeee0a832ec0.capm-service-srv#flowable-async-job-executor-thread-1337#
[PollStartAppStatusExecution] 0633157c-47cd-4e1d-a58c-3252fa278ffe [2026-09-14T10:34:43.579638] {"level":"info","logger":"cds","timestamp":"2026-09-14T10:34:43.579Z","layer":"cds","component_type":"application","container_id":"10.32.1.5","component_id":"0633157c-47cd-4e1d-a58c-3252fa278ffe","component_name":"capm-service-srv","component_instance":0,"source_instance":0,"organization_name":"ab417575trial","organization_id":"06d1c646-2b36-4a95-9166-dd9f50eeb7f9","space_name":"dev","space_id":"583b4ec9-26f7-49b3-a891-378694e7062d","msg":"using auth strategy { kind: 'jwt' }","type":"log"} (STDOUT, APP/PROC/WEB)#
#2026 09 14 10:34:46.643#Z#DEBUG#b19c2800-b027-11f1-a9e7-eeee0a832ec0.capm-service-srv#flowable-async-job-executor-thread-1337#
[PollStartAppStatusExecution] 0633157c-47cd-4e1d-a58c-3252fa278ffe [2026-09-14T10:34:43.612786] {"level":"info","logger":"cds","timestamp":"2026-09-14T10:34:43.612Z","layer":"cds","component_type":"application","container_id":"10.32.1.5","component_id":"0633157c-47cd-4e1d-a58c-3252fa278ffe","component_name":"capm-service-srv","component_instance":0,"source_instance":0,"organization_name":"ab417575trial","organization_id":"06d1c646-2b36-4a95-9166-dd9f50eeb7f9","space_name":"dev","space_id":"583b4ec9-26f7-49b3-a891-378694e7062d","msg":"serving HRService {\n  at: [ '/odata/v4/hr' ],\n  decl: 'srv/csn.json:541',\n  impl: 'srv/hr-service.js'\n}","type":"log"} (STDOUT, APP/PROC/WEB)#
#2026 09 14 10:34:46.643#Z#DEBUG#b19c2800-b027-11f1-a9e7-eeee0a832ec0.capm-service-srv#flowable-async-job-executor-thread-1337#
[PollStartAppStatusExecution] 0633157c-47cd-4e1d-a58c-3252fa278ffe [2026-09-14T10:34:43.618706] {"level":"info","logger":"cds","timestamp":"2026-09-14T10:34:43.618Z","layer":"cds","component_type":"application","container_id":"10.32.1.5","component_id":"0633157c-47cd-4e1d-a58c-3252fa278ffe","component_name":"capm-service-srv","component_instance":0,"source_instance":0,"organization_name":"ab417575trial","organization_id":"06d1c646-2b36-4a95-9166-dd9f50eeb7f9","space_name":"dev","space_id":"583b4ec9-26f7-49b3-a891-378694e7062d","msg":"server listening on { url: 'http://localhost:8080' }","type":"log"} (STDOUT, APP/PROC/WEB)#
#2026 09 14 10:34:46.643#Z#DEBUG#b19c2800-b027-11f1-a9e7-eeee0a832ec0.capm-service-srv#flowable-async-job-executor-thread-1337#
[PollStartAppStatusExecution] 0633157c-47cd-4e1d-a58c-3252fa278ffe [2026-09-14T10:34:43.620088] {"level":"info","logger":"cds","timestamp":"2026-09-14T10:34:43.619Z","layer":"cds","component_type":"application","container_id":"10.32.1.5","component_id":"0633157c-47cd-4e1d-a58c-3252fa278ffe","component_name":"capm-service-srv","component_instance":0,"source_instance":0,"organization_name":"ab417575trial","organization_id":"06d1c646-2b36-4a95-9166-dd9f50eeb7f9","space_name":"dev","space_id":"583b4ec9-26f7-49b3-a891-378694e7062d","msg":"server v10.1.0 launched in 704 ms","type":"log"} (STDOUT, APP/PROC/WEB)#
#2026 09 14 10:34:46.643#Z#DEBUG#b19c2800-b027-11f1-a9e7-eeee0a832ec0.capm-service-srv#flowable-async-job-executor-thread-1337#
[PollStartAppStatusExecution] 0633157c-47cd-4e1d-a58c-3252fa278ffe [2026-09-14T10:34:44.990143] Container became healthy (STDOUT, CELL)#
